Archive member included because of file (symbol)

c:/program files/atmel/atmel toolchain/avr8 gcc/native/3.4.2.939/avr8-gnu-toolchain/bin/../lib/gcc/avr/4.7.2/avr5\libgcc.a(_exit.o)
                              c:/program files/atmel/atmel toolchain/avr8 gcc/native/3.4.2.939/avr8-gnu-toolchain/bin/../lib/gcc/avr/4.7.2/../../../../avr/lib/avr5/crtm32a.o (exit)
c:/program files/atmel/atmel toolchain/avr8 gcc/native/3.4.2.939/avr8-gnu-toolchain/bin/../lib/gcc/avr/4.7.2/avr5\libgcc.a(_copy_data.o)
                              Font.o (__do_copy_data)
c:/program files/atmel/atmel toolchain/avr8 gcc/native/3.4.2.939/avr8-gnu-toolchain/bin/../lib/gcc/avr/4.7.2/avr5\libgcc.a(_clear_bss.o)
                              Font.o (__do_clear_bss)
c:/program files/atmel/atmel toolchain/avr8 gcc/native/3.4.2.939/avr8-gnu-toolchain/bin/../lib/gcc/avr/4.7.2/../../../../avr/lib/avr5\libc.a(malloc.o)
                              StringProcessing.o (malloc)
c:/program files/atmel/atmel toolchain/avr8 gcc/native/3.4.2.939/avr8-gnu-toolchain/bin/../lib/gcc/avr/4.7.2/../../../../avr/lib/avr5\libc.a(strtok.o)
                              StringProcessing.o (strtok)
c:/program files/atmel/atmel toolchain/avr8 gcc/native/3.4.2.939/avr8-gnu-toolchain/bin/../lib/gcc/avr/4.7.2/../../../../avr/lib/avr5\libc.a(strcat.o)
                              RiRead.o (strcat)
c:/program files/atmel/atmel toolchain/avr8 gcc/native/3.4.2.939/avr8-gnu-toolchain/bin/../lib/gcc/avr/4.7.2/../../../../avr/lib/avr5\libc.a(strcmp.o)
                              RiRead.o (strcmp)
c:/program files/atmel/atmel toolchain/avr8 gcc/native/3.4.2.939/avr8-gnu-toolchain/bin/../lib/gcc/avr/4.7.2/../../../../avr/lib/avr5\libc.a(strcpy.o)
                              RiRead.o (strcpy)
c:/program files/atmel/atmel toolchain/avr8 gcc/native/3.4.2.939/avr8-gnu-toolchain/bin/../lib/gcc/avr/4.7.2/../../../../avr/lib/avr5\libc.a(strtok_r.o)
                              c:/program files/atmel/atmel toolchain/avr8 gcc/native/3.4.2.939/avr8-gnu-toolchain/bin/../lib/gcc/avr/4.7.2/../../../../avr/lib/avr5\libc.a(strtok.o) (strtok_r)
c:/program files/atmel/atmel toolchain/avr8 gcc/native/3.4.2.939/avr8-gnu-toolchain/bin/../lib/gcc/avr/4.7.2/../../../../avr/lib/avr5\libc.a(eerd_word_atmega32a.o)
                              RiRead.o (__eerd_word_m32a)
c:/program files/atmel/atmel toolchain/avr8 gcc/native/3.4.2.939/avr8-gnu-toolchain/bin/../lib/gcc/avr/4.7.2/../../../../avr/lib/avr5\libc.a(eewr_word_atmega32a.o)
                              RiRead.o (__eewr_word_m32a)
c:/program files/atmel/atmel toolchain/avr8 gcc/native/3.4.2.939/avr8-gnu-toolchain/bin/../lib/gcc/avr/4.7.2/../../../../avr/lib/avr5\libc.a(eerd_block_atmega32a.o)
                              c:/program files/atmel/atmel toolchain/avr8 gcc/native/3.4.2.939/avr8-gnu-toolchain/bin/../lib/gcc/avr/4.7.2/../../../../avr/lib/avr5\libc.a(eerd_word_atmega32a.o) (__eerd_blraw_m32a)
c:/program files/atmel/atmel toolchain/avr8 gcc/native/3.4.2.939/avr8-gnu-toolchain/bin/../lib/gcc/avr/4.7.2/../../../../avr/lib/avr5\libc.a(eewr_byte_atmega32a.o)
                              c:/program files/atmel/atmel toolchain/avr8 gcc/native/3.4.2.939/avr8-gnu-toolchain/bin/../lib/gcc/avr/4.7.2/../../../../avr/lib/avr5\libc.a(eewr_word_atmega32a.o) (__eewr_byte_m32a)
c:/program files/atmel/atmel toolchain/avr8 gcc/native/3.4.2.939/avr8-gnu-toolchain/bin/../lib/gcc/avr/4.7.2/avr5\libgcc.a(_epilogue.o)
                              c:/program files/atmel/atmel toolchain/avr8 gcc/native/3.4.2.939/avr8-gnu-toolchain/bin/../lib/gcc/avr/4.7.2/../../../../avr/lib/avr5\libc.a(malloc.o) (__epilogue_restores__)

Allocating common symbols
Common symbol       size              file

brojKartice         0x2               RiRead.o
privilegije         0x2               RiRead.o
__brkval            0x2               c:/program files/atmel/atmel toolchain/avr8 gcc/native/3.4.2.939/avr8-gnu-toolchain/bin/../lib/gcc/avr/4.7.2/../../../../avr/lib/avr5\libc.a(malloc.o)
FontWidth           0x1               Font.o
FontHeight          0x1               Font.o
korisnik            0x24              RiRead.o
str                 0xc8              RiRead.o
brojChara           0x2               RiRead.o
__flp               0x2               c:/program files/atmel/atmel toolchain/avr8 gcc/native/3.4.2.939/avr8-gnu-toolchain/bin/../lib/gcc/avr/4.7.2/../../../../avr/lib/avr5\libc.a(malloc.o)
FontPointer         0x2               Font.o

Discarded input sections

 .bss           0x00000000        0x0 c:/program files/atmel/atmel toolchain/avr8 gcc/native/3.4.2.939/avr8-gnu-toolchain/bin/../lib/gcc/avr/4.7.2/../../../../avr/lib/avr5/crtm32a.o
 .text          0x00000000        0x0 Font.o
 .bss           0x00000000        0x0 Font.o
 .text.CalcTextHeight
                0x00000000       0x14 Font.o
 .text          0x00000000        0x0 Graphic.o
 .bss           0x00000000        0x0 Graphic.o
 .text.Circle   0x00000000      0x1fc Graphic.o
 .text          0x00000000        0x0 RiRead.o
 .bss           0x00000000        0x0 RiRead.o
 .rodata.sizeOfPopisKartica
                0x00000000        0x2 RiRead.o
 .text          0x00000000        0x0 SSD1289x16.o
 .bss           0x00000000        0x0 SSD1289x16.o
 .text.LCD_DrawSymbol
                0x00000000       0xfa SSD1289x16.o
 .text.LCD_DrawImage
                0x00000000       0x46 SSD1289x16.o
 .text          0x00000000        0x0 StringProcessing.o
 .bss           0x00000000        0x0 StringProcessing.o
 .text          0x00000000        0x0 Usart.o
 .bss           0x00000000        0x0 Usart.o
 .text          0x00000000        0x0 c:/program files/atmel/atmel toolchain/avr8 gcc/native/3.4.2.939/avr8-gnu-toolchain/bin/../lib/gcc/avr/4.7.2/avr5\libgcc.a(_exit.o)
 .bss           0x00000000        0x0 c:/program files/atmel/atmel toolchain/avr8 gcc/native/3.4.2.939/avr8-gnu-toolchain/bin/../lib/gcc/avr/4.7.2/avr5\libgcc.a(_exit.o)
 .text.libgcc.mul
                0x00000000        0x0 c:/program files/atmel/atmel toolchain/avr8 gcc/native/3.4.2.939/avr8-gnu-toolchain/bin/../lib/gcc/avr/4.7.2/avr5\libgcc.a(_exit.o)
 .text.libgcc.div
                0x00000000        0x0 c:/program files/atmel/atmel toolchain/avr8 gcc/native/3.4.2.939/avr8-gnu-toolchain/bin/../lib/gcc/avr/4.7.2/avr5\libgcc.a(_exit.o)
 .text.libgcc   0x00000000        0x0 c:/program files/atmel/atmel toolchain/avr8 gcc/native/3.4.2.939/avr8-gnu-toolchain/bin/../lib/gcc/avr/4.7.2/avr5\libgcc.a(_exit.o)
 .text.libgcc.prologue
                0x00000000        0x0 c:/program files/atmel/atmel toolchain/avr8 gcc/native/3.4.2.939/avr8-gnu-toolchain/bin/../lib/gcc/avr/4.7.2/avr5\libgcc.a(_exit.o)
 .text.libgcc.builtins
                0x00000000        0x0 c:/program files/atmel/atmel toolchain/avr8 gcc/native/3.4.2.939/avr8-gnu-toolchain/bin/../lib/gcc/avr/4.7.2/avr5\libgcc.a(_exit.o)
 .text.libgcc.fmul
                0x00000000        0x0 c:/program files/atmel/atmel toolchain/avr8 gcc/native/3.4.2.939/avr8-gnu-toolchain/bin/../lib/gcc/avr/4.7.2/avr5\libgcc.a(_exit.o)
 .text          0x00000000        0x0 c:/program files/atmel/atmel toolchain/avr8 gcc/native/3.4.2.939/avr8-gnu-toolchain/bin/../lib/gcc/avr/4.7.2/avr5\libgcc.a(_copy_data.o)
 .bss           0x00000000        0x0 c:/program files/atmel/atmel toolchain/avr8 gcc/native/3.4.2.939/avr8-gnu-toolchain/bin/../lib/gcc/avr/4.7.2/avr5\libgcc.a(_copy_data.o)
 .text.libgcc.mul
                0x00000000        0x0 c:/program files/atmel/atmel toolchain/avr8 gcc/native/3.4.2.939/avr8-gnu-toolchain/bin/../lib/gcc/avr/4.7.2/avr5\libgcc.a(_copy_data.o)
 .text.libgcc.div
                0x00000000        0x0 c:/program files/atmel/atmel toolchain/avr8 gcc/native/3.4.2.939/avr8-gnu-toolchain/bin/../lib/gcc/avr/4.7.2/avr5\libgcc.a(_copy_data.o)
 .text.libgcc   0x00000000        0x0 c:/program files/atmel/atmel toolchain/avr8 gcc/native/3.4.2.939/avr8-gnu-toolchain/bin/../lib/gcc/avr/4.7.2/avr5\libgcc.a(_copy_data.o)
 .text.libgcc.prologue
                0x00000000        0x0 c:/program files/atmel/atmel toolchain/avr8 gcc/native/3.4.2.939/avr8-gnu-toolchain/bin/../lib/gcc/avr/4.7.2/avr5\libgcc.a(_copy_data.o)
 .text.libgcc.builtins
                0x00000000        0x0 c:/program files/atmel/atmel toolchain/avr8 gcc/native/3.4.2.939/avr8-gnu-toolchain/bin/../lib/gcc/avr/4.7.2/avr5\libgcc.a(_copy_data.o)
 .text.libgcc.fmul
                0x00000000        0x0 c:/program files/atmel/atmel toolchain/avr8 gcc/native/3.4.2.939/avr8-gnu-toolchain/bin/../lib/gcc/avr/4.7.2/avr5\libgcc.a(_copy_data.o)
 .text          0x00000000        0x0 c:/program files/atmel/atmel toolchain/avr8 gcc/native/3.4.2.939/avr8-gnu-toolchain/bin/../lib/gcc/avr/4.7.2/avr5\libgcc.a(_clear_bss.o)
 .bss           0x00000000        0x0 c:/program files/atmel/atmel toolchain/avr8 gcc/native/3.4.2.939/avr8-gnu-toolchain/bin/../lib/gcc/avr/4.7.2/avr5\libgcc.a(_clear_bss.o)
 .text.libgcc.mul
                0x00000000        0x0 c:/program files/atmel/atmel toolchain/avr8 gcc/native/3.4.2.939/avr8-gnu-toolchain/bin/../lib/gcc/avr/4.7.2/avr5\libgcc.a(_clear_bss.o)
 .text.libgcc.div
                0x00000000        0x0 c:/program files/atmel/atmel toolchain/avr8 gcc/native/3.4.2.939/avr8-gnu-toolchain/bin/../lib/gcc/avr/4.7.2/avr5\libgcc.a(_clear_bss.o)
 .text.libgcc   0x00000000        0x0 c:/program files/atmel/atmel toolchain/avr8 gcc/native/3.4.2.939/avr8-gnu-toolchain/bin/../lib/gcc/avr/4.7.2/avr5\libgcc.a(_clear_bss.o)
 .text.libgcc.prologue
                0x00000000        0x0 c:/program files/atmel/atmel toolchain/avr8 gcc/native/3.4.2.939/avr8-gnu-toolchain/bin/../lib/gcc/avr/4.7.2/avr5\libgcc.a(_clear_bss.o)
 .text.libgcc.builtins
                0x00000000        0x0 c:/program files/atmel/atmel toolchain/avr8 gcc/native/3.4.2.939/avr8-gnu-toolchain/bin/../lib/gcc/avr/4.7.2/avr5\libgcc.a(_clear_bss.o)
 .text.libgcc.fmul
                0x00000000        0x0 c:/program files/atmel/atmel toolchain/avr8 gcc/native/3.4.2.939/avr8-gnu-toolchain/bin/../lib/gcc/avr/4.7.2/avr5\libgcc.a(_clear_bss.o)
 .text          0x00000000        0x0 c:/program files/atmel/atmel toolchain/avr8 gcc/native/3.4.2.939/avr8-gnu-toolchain/bin/../lib/gcc/avr/4.7.2/../../../../avr/lib/avr5\libc.a(malloc.o)
 .bss           0x00000000        0x0 c:/program files/atmel/atmel toolchain/avr8 gcc/native/3.4.2.939/avr8-gnu-toolchain/bin/../lib/gcc/avr/4.7.2/../../../../avr/lib/avr5\libc.a(malloc.o)
 .text          0x00000000        0x0 c:/program files/atmel/atmel toolchain/avr8 gcc/native/3.4.2.939/avr8-gnu-toolchain/bin/../lib/gcc/avr/4.7.2/../../../../avr/lib/avr5\libc.a(strtok.o)
 .text          0x00000000        0x0 c:/program files/atmel/atmel toolchain/avr8 gcc/native/3.4.2.939/avr8-gnu-toolchain/bin/../lib/gcc/avr/4.7.2/../../../../avr/lib/avr5\libc.a(strcat.o)
 .bss           0x00000000        0x0 c:/program files/atmel/atmel toolchain/avr8 gcc/native/3.4.2.939/avr8-gnu-toolchain/bin/../lib/gcc/avr/4.7.2/../../../../avr/lib/avr5\libc.a(strcat.o)
 .text          0x00000000        0x0 c:/program files/atmel/atmel toolchain/avr8 gcc/native/3.4.2.939/avr8-gnu-toolchain/bin/../lib/gcc/avr/4.7.2/../../../../avr/lib/avr5\libc.a(strcmp.o)
 .bss           0x00000000        0x0 c:/program files/atmel/atmel toolchain/avr8 gcc/native/3.4.2.939/avr8-gnu-toolchain/bin/../lib/gcc/avr/4.7.2/../../../../avr/lib/avr5\libc.a(strcmp.o)
 .text          0x00000000        0x0 c:/program files/atmel/atmel toolchain/avr8 gcc/native/3.4.2.939/avr8-gnu-toolchain/bin/../lib/gcc/avr/4.7.2/../../../../avr/lib/avr5\libc.a(strcpy.o)
 .bss           0x00000000        0x0 c:/program files/atmel/atmel toolchain/avr8 gcc/native/3.4.2.939/avr8-gnu-toolchain/bin/../lib/gcc/avr/4.7.2/../../../../avr/lib/avr5\libc.a(strcpy.o)
 .text          0x00000000        0x0 c:/program files/atmel/atmel toolchain/avr8 gcc/native/3.4.2.939/avr8-gnu-toolchain/bin/../lib/gcc/avr/4.7.2/../../../../avr/lib/avr5\libc.a(strtok_r.o)
 .bss           0x00000000        0x0 c:/program files/atmel/atmel toolchain/avr8 gcc/native/3.4.2.939/avr8-gnu-toolchain/bin/../lib/gcc/avr/4.7.2/../../../../avr/lib/avr5\libc.a(strtok_r.o)
 .text          0x00000000        0x0 c:/program files/atmel/atmel toolchain/avr8 gcc/native/3.4.2.939/avr8-gnu-toolchain/bin/../lib/gcc/avr/4.7.2/../../../../avr/lib/avr5\libc.a(eerd_word_atmega32a.o)
 .bss           0x00000000        0x0 c:/program files/atmel/atmel toolchain/avr8 gcc/native/3.4.2.939/avr8-gnu-toolchain/bin/../lib/gcc/avr/4.7.2/../../../../avr/lib/avr5\libc.a(eerd_word_atmega32a.o)
 .text          0x00000000        0x0 c:/program files/atmel/atmel toolchain/avr8 gcc/native/3.4.2.939/avr8-gnu-toolchain/bin/../lib/gcc/avr/4.7.2/../../../../avr/lib/avr5\libc.a(eewr_word_atmega32a.o)
 .bss           0x00000000        0x0 c:/program files/atmel/atmel toolchain/avr8 gcc/native/3.4.2.939/avr8-gnu-toolchain/bin/../lib/gcc/avr/4.7.2/../../../../avr/lib/avr5\libc.a(eewr_word_atmega32a.o)
 .text          0x00000000        0x0 c:/program files/atmel/atmel toolchain/avr8 gcc/native/3.4.2.939/avr8-gnu-toolchain/bin/../lib/gcc/avr/4.7.2/../../../../avr/lib/avr5\libc.a(eerd_block_atmega32a.o)
 .bss           0x00000000        0x0 c:/program files/atmel/atmel toolchain/avr8 gcc/native/3.4.2.939/avr8-gnu-toolchain/bin/../lib/gcc/avr/4.7.2/../../../../avr/lib/avr5\libc.a(eerd_block_atmega32a.o)
 .text          0x00000000        0x0 c:/program files/atmel/atmel toolchain/avr8 gcc/native/3.4.2.939/avr8-gnu-toolchain/bin/../lib/gcc/avr/4.7.2/../../../../avr/lib/avr5\libc.a(eewr_byte_atmega32a.o)
 .bss           0x00000000        0x0 c:/program files/atmel/atmel toolchain/avr8 gcc/native/3.4.2.939/avr8-gnu-toolchain/bin/../lib/gcc/avr/4.7.2/../../../../avr/lib/avr5\libc.a(eewr_byte_atmega32a.o)
 .text          0x00000000        0x0 c:/program files/atmel/atmel toolchain/avr8 gcc/native/3.4.2.939/avr8-gnu-toolchain/bin/../lib/gcc/avr/4.7.2/avr5\libgcc.a(_epilogue.o)
 .bss           0x00000000        0x0 c:/program files/atmel/atmel toolchain/avr8 gcc/native/3.4.2.939/avr8-gnu-toolchain/bin/../lib/gcc/avr/4.7.2/avr5\libgcc.a(_epilogue.o)
 .text.libgcc.mul
                0x00000000        0x0 c:/program files/atmel/atmel toolchain/avr8 gcc/native/3.4.2.939/avr8-gnu-toolchain/bin/../lib/gcc/avr/4.7.2/avr5\libgcc.a(_epilogue.o)
 .text.libgcc.div
                0x00000000        0x0 c:/program files/atmel/atmel toolchain/avr8 gcc/native/3.4.2.939/avr8-gnu-toolchain/bin/../lib/gcc/avr/4.7.2/avr5\libgcc.a(_epilogue.o)
 .text.libgcc   0x00000000        0x0 c:/program files/atmel/atmel toolchain/avr8 gcc/native/3.4.2.939/avr8-gnu-toolchain/bin/../lib/gcc/avr/4.7.2/avr5\libgcc.a(_epilogue.o)
 .text.libgcc.builtins
                0x00000000        0x0 c:/program files/atmel/atmel toolchain/avr8 gcc/native/3.4.2.939/avr8-gnu-toolchain/bin/../lib/gcc/avr/4.7.2/avr5\libgcc.a(_epilogue.o)
 .text.libgcc.fmul
                0x00000000        0x0 c:/program files/atmel/atmel toolchain/avr8 gcc/native/3.4.2.939/avr8-gnu-toolchain/bin/../lib/gcc/avr/4.7.2/avr5\libgcc.a(_epilogue.o)

Memory Configuration

Name             Origin             Length             Attributes
text             0x00000000         0x00020000         xr
data             0x00800060         0x0000ffa0         rw !x
eeprom           0x00810000         0x00010000         rw !x
fuse             0x00820000         0x00000400         rw !x
lock             0x00830000         0x00000400         rw !x
signature        0x00840000         0x00000400         rw !x
user_signatures  0x00850000         0x00000400         rw !x
*default*        0x00000000         0xffffffff

Linker script and memory map

LOAD c:/program files/atmel/atmel toolchain/avr8 gcc/native/3.4.2.939/avr8-gnu-toolchain/bin/../lib/gcc/avr/4.7.2/../../../../avr/lib/avr5/crtm32a.o
LOAD Font.o
LOAD Graphic.o
LOAD RiRead.o
LOAD SSD1289x16.o
LOAD StringProcessing.o
LOAD Usart.o
START GROUP
LOAD c:/program files/atmel/atmel toolchain/avr8 gcc/native/3.4.2.939/avr8-gnu-toolchain/bin/../lib/gcc/avr/4.7.2/../../../../avr/lib/avr5\libm.a
END GROUP
LOAD c:/program files/atmel/atmel toolchain/avr8 gcc/native/3.4.2.939/avr8-gnu-toolchain/bin/../lib/gcc/avr/4.7.2/avr5\libgcc.a
LOAD c:/program files/atmel/atmel toolchain/avr8 gcc/native/3.4.2.939/avr8-gnu-toolchain/bin/../lib/gcc/avr/4.7.2/../../../../avr/lib/avr5\libc.a
LOAD c:/program files/atmel/atmel toolchain/avr8 gcc/native/3.4.2.939/avr8-gnu-toolchain/bin/../lib/gcc/avr/4.7.2/avr5\libgcc.a

.hash
 *(.hash)

.dynsym
 *(.dynsym)

.dynstr
 *(.dynstr)

.gnu.version
 *(.gnu.version)

.gnu.version_d
 *(.gnu.version_d)

.gnu.version_r
 *(.gnu.version_r)

.rel.init
 *(.rel.init)

.rela.init
 *(.rela.init)

.rel.text
 *(.rel.text)
 *(.rel.text.*)
 *(.rel.gnu.linkonce.t*)

.rela.text
 *(.rela.text)
 *(.rela.text.*)
 *(.rela.gnu.linkonce.t*)

.rel.fini
 *(.rel.fini)

.rela.fini
 *(.rela.fini)

.rel.rodata
 *(.rel.rodata)
 *(.rel.rodata.*)
 *(.rel.gnu.linkonce.r*)

.rela.rodata
 *(.rela.rodata)
 *(.rela.rodata.*)
 *(.rela.gnu.linkonce.r*)

.rel.data
 *(.rel.data)
 *(.rel.data.*)
 *(.rel.gnu.linkonce.d*)

.rela.data
 *(.rela.data)
 *(.rela.data.*)
 *(.rela.gnu.linkonce.d*)

.rel.ctors
 *(.rel.ctors)

.rela.ctors
 *(.rela.ctors)

.rel.dtors
 *(.rel.dtors)

.rela.dtors
 *(.rela.dtors)

.rel.got
 *(.rel.got)

.rela.got
 *(.rela.got)

.rel.bss
 *(.rel.bss)

.rela.bss
 *(.rela.bss)

.rel.plt
 *(.rel.plt)

.rela.plt
 *(.rela.plt)

.text           0x00000000     0x45ce
 *(.vectors)
 .vectors       0x00000000       0x54 c:/program files/atmel/atmel toolchain/avr8 gcc/native/3.4.2.939/avr8-gnu-toolchain/bin/../lib/gcc/avr/4.7.2/../../../../avr/lib/avr5/crtm32a.o
                0x00000000                __vector_default
                0x00000000                __vectors
 *(.vectors)
 *(.progmem.gcc*)
 *(.progmem*)
 .progmem.data.ft18x34
                0x00000054     0x1b08 RiRead.o
                0x00000054                ft18x34
                0x00001b5c                . = ALIGN (0x2)
                0x00001b5c                __trampolines_start = .
 *(.trampolines)
 .trampolines   0x00001b5c        0x0 linker stubs
 *(.trampolines*)
                0x00001b5c                __trampolines_end = .
 *(.jumptables)
 *(.jumptables*)
 *(.lowtext)
 *(.lowtext*)
                0x00001b5c                __ctors_start = .
 *(.ctors)
                0x00001b5c                __ctors_end = .
                0x00001b5c                __dtors_start = .
 *(.dtors)
                0x00001b5c                __dtors_end = .
 SORT(*)(.ctors)
 SORT(*)(.dtors)
 *(.init0)
 .init0         0x00001b5c        0x0 c:/program files/atmel/atmel toolchain/avr8 gcc/native/3.4.2.939/avr8-gnu-toolchain/bin/../lib/gcc/avr/4.7.2/../../../../avr/lib/avr5/crtm32a.o
                0x00001b5c                __init
 *(.init0)
 *(.init1)
 *(.init1)
 *(.init2)
 .init2         0x00001b5c        0xc c:/program files/atmel/atmel toolchain/avr8 gcc/native/3.4.2.939/avr8-gnu-toolchain/bin/../lib/gcc/avr/4.7.2/../../../../avr/lib/avr5/crtm32a.o
 *(.init2)
 *(.init3)
 *(.init3)
 *(.init4)
 .init4         0x00001b68       0x16 c:/program files/atmel/atmel toolchain/avr8 gcc/native/3.4.2.939/avr8-gnu-toolchain/bin/../lib/gcc/avr/4.7.2/avr5\libgcc.a(_copy_data.o)
                0x00001b68                __do_copy_data
 .init4         0x00001b7e       0x10 c:/program files/atmel/atmel toolchain/avr8 gcc/native/3.4.2.939/avr8-gnu-toolchain/bin/../lib/gcc/avr/4.7.2/avr5\libgcc.a(_clear_bss.o)
                0x00001b7e                __do_clear_bss
 *(.init4)
 *(.init5)
 *(.init5)
 *(.init6)
 *(.init6)
 *(.init7)
 *(.init7)
 *(.init8)
 *(.init8)
 *(.init9)
 .init9         0x00001b8e        0x8 c:/program files/atmel/atmel toolchain/avr8 gcc/native/3.4.2.939/avr8-gnu-toolchain/bin/../lib/gcc/avr/4.7.2/../../../../avr/lib/avr5/crtm32a.o
 *(.init9)
 *(.text)
 .text          0x00001b96        0x4 c:/program files/atmel/atmel toolchain/avr8 gcc/native/3.4.2.939/avr8-gnu-toolchain/bin/../lib/gcc/avr/4.7.2/../../../../avr/lib/avr5/crtm32a.o
                0x00001b96                __vector_12
                0x00001b96                __bad_interrupt
                0x00001b96                __vector_6
                0x00001b96                __vector_3
                0x00001b96                __vector_11
                0x00001b96                __vector_13
                0x00001b96                __vector_17
                0x00001b96                __vector_19
                0x00001b96                __vector_7
                0x00001b96                __vector_5
                0x00001b96                __vector_4
                0x00001b96                __vector_9
                0x00001b96                __vector_2
                0x00001b96                __vector_15
                0x00001b96                __vector_8
                0x00001b96                __vector_14
                0x00001b96                __vector_10
                0x00001b96                __vector_16
                0x00001b96                __vector_18
                0x00001b96                __vector_20
                0x00001b9a                . = ALIGN (0x2)
 *(.text.*)
 .text.LcdFont  0x00001b9a       0x1e Font.o
                0x00001b9a                LcdFont
 .text.DrawChar
                0x00001bb8      0x3ac Font.o
                0x00001bb8                DrawChar
 .text.CalcTextWidth
                0x00001f64       0xb8 Font.o
                0x00001f64                CalcTextWidth
 .text.DrawStr  0x0000201c       0x3a Font.o
                0x0000201c                DrawStr
 .text.DrawText
                0x00002056       0x92 Font.o
                0x00002056                DrawText
 .text.Line     0x000020e8      0x226 Graphic.o
                0x000020e8                Line
 .text.Rectangle
                0x0000230e       0x7c Graphic.o
                0x0000230e                Rectangle
 .text.RoundRectangle
                0x0000238a      0x3c6 Graphic.o
                0x0000238a                RoundRectangle
 .text.Init     0x00002750       0x42 RiRead.o
                0x00002750                Init
 .text.PrintLCD
                0x00002792       0x2e RiRead.o
                0x00002792                PrintLCD
 .text.ProvjeriTipKartice
                0x000027c0       0x42 RiRead.o
                0x000027c0                ProvjeriTipKartice
 .text.DohvatiPodatke
                0x00002802      0x2a6 RiRead.o
                0x00002802                DohvatiPodatke
 .text.DeklarirajNaNulu
                0x00002aa8       0x92 RiRead.o
                0x00002aa8                DeklarirajNaNulu
 .text.ShowWelcomeScreen
                0x00002b3a      0x112 RiRead.o
                0x00002b3a                ShowWelcomeScreen
 .text.LoginXicom
                0x00002c4c      0x140 RiRead.o
                0x00002c4c                LoginXicom
 .text.ShowLoginScreen
                0x00002d8c       0xb6 RiRead.o
                0x00002d8c                ShowLoginScreen
 .text.InfoSwipe
                0x00002e42       0x6e RiRead.o
                0x00002e42                InfoSwipe
 .text.ShowCardScreen
                0x00002eb0      0x28c RiRead.o
                0x00002eb0                ShowCardScreen
 .text.ShowInfoScreen
                0x0000313c      0x984 RiRead.o
                0x0000313c                ShowInfoScreen
 .text.ClearAndShowNewScreen
                0x00003ac0       0x60 RiRead.o
                0x00003ac0                ClearAndShowNewScreen
 .text.forceHardReset
                0x00003b20       0x1a RiRead.o
                0x00003b20                forceHardReset
 .text.main     0x00003b3a      0x170 RiRead.o
                0x00003b3a                main
 .text.__vector_1
                0x00003caa       0x22 RiRead.o
                0x00003caa                __vector_1
 .text.LCD_WaitMs
                0x00003ccc       0x16 SSD1289x16.o
                0x00003ccc                LCD_WaitMs
 .text.LCD_WrCmd
                0x00003ce2       0x10 SSD1289x16.o
                0x00003ce2                LCD_WrCmd
 .text.LCD_WrDat
                0x00003cf2       0x10 SSD1289x16.o
                0x00003cf2                LCD_WrDat
 .text.LCD_SetReg
                0x00003d02       0x16 SSD1289x16.o
                0x00003d02                LCD_SetReg
 .text.LCD_GetReg
                0x00003d18       0x32 SSD1289x16.o
                0x00003d18                LCD_GetReg
 .text.LCD_InitPort
                0x00003d4a       0x32 SSD1289x16.o
                0x00003d4a                LCD_InitPort
 .text.LCD_Reset
                0x00003d7c      0x222 SSD1289x16.o
                0x00003d7c                LCD_Reset
 .text.LCD_SetCursor
                0x00003f9e       0x22 SSD1289x16.o
                0x00003f9e                LCD_SetCursor
 .text.LCD_SetArea
                0x00003fc0       0x58 SSD1289x16.o
                0x00003fc0                LCD_SetArea
 .text.LCD_PutPixel
                0x00004018       0x12 SSD1289x16.o
                0x00004018                LCD_PutPixel
 .text.LCD_Bar  0x0000402a       0x8e SSD1289x16.o
                0x0000402a                LCD_Bar
 .text.LCD_Clear
                0x000040b8       0x20 SSD1289x16.o
                0x000040b8                LCD_Clear
 .text.VratiOdNtePojaveDelimiteraDoDelimitera
                0x000040d8       0x90 StringProcessing.o
                0x000040d8                VratiOdNtePojaveDelimiteraDoDelimitera
 .text.VratiOdPozicijeDoPozicije
                0x00004168       0x98 StringProcessing.o
                0x00004168                VratiOdPozicijeDoPozicije
 .text.FormatirajDijakritickeNaZdravstvenoj
                0x00004200       0x32 StringProcessing.o
                0x00004200                FormatirajDijakritickeNaZdravstvenoj
 .text.UsartInit
                0x00004232        0xc Usart.o
                0x00004232                UsartInit
 .text.USARTReadChar
                0x0000423e        0x8 Usart.o
                0x0000423e                USARTReadChar
 .text.avr-libc
                0x00004246      0x270 c:/program files/atmel/atmel toolchain/avr8 gcc/native/3.4.2.939/avr8-gnu-toolchain/bin/../lib/gcc/avr/4.7.2/../../../../avr/lib/avr5\libc.a(malloc.o)
                0x00004246                malloc
                0x0000437c                free
 .text.avr-libc
                0x000044b6        0xa c:/program files/atmel/atmel toolchain/avr8 gcc/native/3.4.2.939/avr8-gnu-toolchain/bin/../lib/gcc/avr/4.7.2/../../../../avr/lib/avr5\libc.a(strtok.o)
                0x000044b6                strtok
 .text.avr-libc
                0x000044c0       0x16 c:/program files/atmel/atmel toolchain/avr8 gcc/native/3.4.2.939/avr8-gnu-toolchain/bin/../lib/gcc/avr/4.7.2/../../../../avr/lib/avr5\libc.a(strcat.o)
                0x000044c0                strcat
 .text.avr-libc
                0x000044d6       0x12 c:/program files/atmel/atmel toolchain/avr8 gcc/native/3.4.2.939/avr8-gnu-toolchain/bin/../lib/gcc/avr/4.7.2/../../../../avr/lib/avr5\libc.a(strcmp.o)
                0x000044d6                strcmp
 .text.avr-libc
                0x000044e8        0xe c:/program files/atmel/atmel toolchain/avr8 gcc/native/3.4.2.939/avr8-gnu-toolchain/bin/../lib/gcc/avr/4.7.2/../../../../avr/lib/avr5\libc.a(strcpy.o)
                0x000044e8                strcpy
 .text.avr-libc
                0x000044f6       0x4e c:/program files/atmel/atmel toolchain/avr8 gcc/native/3.4.2.939/avr8-gnu-toolchain/bin/../lib/gcc/avr/4.7.2/../../../../avr/lib/avr5\libc.a(strtok_r.o)
                0x000044f6                strtok_r
 .text.avr-libc
                0x00004544        0xc c:/program files/atmel/atmel toolchain/avr8 gcc/native/3.4.2.939/avr8-gnu-toolchain/bin/../lib/gcc/avr/4.7.2/../../../../avr/lib/avr5\libc.a(eerd_word_atmega32a.o)
                0x00004544                __eerd_word_m32a
 .text.avr-libc
                0x00004550        0xa c:/program files/atmel/atmel toolchain/avr8 gcc/native/3.4.2.939/avr8-gnu-toolchain/bin/../lib/gcc/avr/4.7.2/../../../../avr/lib/avr5\libc.a(eewr_word_atmega32a.o)
                0x00004550                __eewr_word_m32a
 .text.avr-libc
                0x0000455a       0x20 c:/program files/atmel/atmel toolchain/avr8 gcc/native/3.4.2.939/avr8-gnu-toolchain/bin/../lib/gcc/avr/4.7.2/../../../../avr/lib/avr5\libc.a(eerd_block_atmega32a.o)
                0x0000455a                __eerd_block_m32a
                0x0000455e                __eerd_blraw_m32a
 .text.avr-libc
                0x0000457a       0x1a c:/program files/atmel/atmel toolchain/avr8 gcc/native/3.4.2.939/avr8-gnu-toolchain/bin/../lib/gcc/avr/4.7.2/../../../../avr/lib/avr5\libc.a(eewr_byte_atmega32a.o)
                0x0000457a                __eewr_byte_m32a
                0x0000457c                __eewr_r18_m32a
 .text.libgcc.prologue
                0x00004594       0x36 c:/program files/atmel/atmel toolchain/avr8 gcc/native/3.4.2.939/avr8-gnu-toolchain/bin/../lib/gcc/avr/4.7.2/avr5\libgcc.a(_epilogue.o)
                0x00004594                __epilogue_restores__
                0x000045ca                . = ALIGN (0x2)
 *(.fini9)
 .fini9         0x000045ca        0x0 c:/program files/atmel/atmel toolchain/avr8 gcc/native/3.4.2.939/avr8-gnu-toolchain/bin/../lib/gcc/avr/4.7.2/avr5\libgcc.a(_exit.o)
                0x000045ca                _exit
                0x000045ca                exit
 *(.fini9)
 *(.fini8)
 *(.fini8)
 *(.fini7)
 *(.fini7)
 *(.fini6)
 *(.fini6)
 *(.fini5)
 *(.fini5)
 *(.fini4)
 *(.fini4)
 *(.fini3)
 *(.fini3)
 *(.fini2)
 *(.fini2)
 *(.fini1)
 *(.fini1)
 *(.fini0)
 .fini0         0x000045ca        0x4 c:/program files/atmel/atmel toolchain/avr8 gcc/native/3.4.2.939/avr8-gnu-toolchain/bin/../lib/gcc/avr/4.7.2/avr5\libgcc.a(_exit.o)
 *(.fini0)
                0x000045ce                _etext = .

.data           0x00800060      0x188 load address 0x000045ce
                0x00800060                PROVIDE (__data_start, .)
 *(.data)
 .data          0x00800060        0x0 c:/program files/atmel/atmel toolchain/avr8 gcc/native/3.4.2.939/avr8-gnu-toolchain/bin/../lib/gcc/avr/4.7.2/../../../../avr/lib/avr5/crtm32a.o
 .data          0x00800060        0x0 Font.o
 .data          0x00800060        0x0 Graphic.o
 .data          0x00800060        0x0 RiRead.o
 .data          0x00800060        0x0 SSD1289x16.o
 .data          0x00800060        0x0 StringProcessing.o
 .data          0x00800060        0x0 Usart.o
 .data          0x00800060        0x0 c:/program files/atmel/atmel toolchain/avr8 gcc/native/3.4.2.939/avr8-gnu-toolchain/bin/../lib/gcc/avr/4.7.2/avr5\libgcc.a(_exit.o)
 .data          0x00800060        0x0 c:/program files/atmel/atmel toolchain/avr8 gcc/native/3.4.2.939/avr8-gnu-toolchain/bin/../lib/gcc/avr/4.7.2/avr5\libgcc.a(_copy_data.o)
 .data          0x00800060        0x0 c:/program files/atmel/atmel toolchain/avr8 gcc/native/3.4.2.939/avr8-gnu-toolchain/bin/../lib/gcc/avr/4.7.2/avr5\libgcc.a(_clear_bss.o)
 .data          0x00800060        0x6 c:/program files/atmel/atmel toolchain/avr8 gcc/native/3.4.2.939/avr8-gnu-toolchain/bin/../lib/gcc/avr/4.7.2/../../../../avr/lib/avr5\libc.a(malloc.o)
                0x00800060                __malloc_heap_end
                0x00800062                __malloc_heap_start
                0x00800064                __malloc_margin
 .data          0x00800066        0x0 c:/program files/atmel/atmel toolchain/avr8 gcc/native/3.4.2.939/avr8-gnu-toolchain/bin/../lib/gcc/avr/4.7.2/../../../../avr/lib/avr5\libc.a(strtok.o)
 .data          0x00800066        0x0 c:/program files/atmel/atmel toolchain/avr8 gcc/native/3.4.2.939/avr8-gnu-toolchain/bin/../lib/gcc/avr/4.7.2/../../../../avr/lib/avr5\libc.a(strcat.o)
 .data          0x00800066        0x0 c:/program files/atmel/atmel toolchain/avr8 gcc/native/3.4.2.939/avr8-gnu-toolchain/bin/../lib/gcc/avr/4.7.2/../../../../avr/lib/avr5\libc.a(strcmp.o)
 .data          0x00800066        0x0 c:/program files/atmel/atmel toolchain/avr8 gcc/native/3.4.2.939/avr8-gnu-toolchain/bin/../lib/gcc/avr/4.7.2/../../../../avr/lib/avr5\libc.a(strcpy.o)
 .data          0x00800066        0x0 c:/program files/atmel/atmel toolchain/avr8 gcc/native/3.4.2.939/avr8-gnu-toolchain/bin/../lib/gcc/avr/4.7.2/../../../../avr/lib/avr5\libc.a(strtok_r.o)
 .data          0x00800066        0x0 c:/program files/atmel/atmel toolchain/avr8 gcc/native/3.4.2.939/avr8-gnu-toolchain/bin/../lib/gcc/avr/4.7.2/../../../../avr/lib/avr5\libc.a(eerd_word_atmega32a.o)
 .data          0x00800066        0x0 c:/program files/atmel/atmel toolchain/avr8 gcc/native/3.4.2.939/avr8-gnu-toolchain/bin/../lib/gcc/avr/4.7.2/../../../../avr/lib/avr5\libc.a(eewr_word_atmega32a.o)
 .data          0x00800066        0x0 c:/program files/atmel/atmel toolchain/avr8 gcc/native/3.4.2.939/avr8-gnu-toolchain/bin/../lib/gcc/avr/4.7.2/../../../../avr/lib/avr5\libc.a(eerd_block_atmega32a.o)
 .data          0x00800066        0x0 c:/program files/atmel/atmel toolchain/avr8 gcc/native/3.4.2.939/avr8-gnu-toolchain/bin/../lib/gcc/avr/4.7.2/../../../../avr/lib/avr5\libc.a(eewr_byte_atmega32a.o)
 .data          0x00800066        0x0 c:/program files/atmel/atmel toolchain/avr8 gcc/native/3.4.2.939/avr8-gnu-toolchain/bin/../lib/gcc/avr/4.7.2/avr5\libgcc.a(_epilogue.o)
 *(.data*)
 .data.FontSpace
                0x00800066        0x1 Font.o
                0x00800066                FontSpace
 .data.FontYScale
                0x00800067        0x1 Font.o
                0x00800067                FontYScale
 .data.FontXScale
                0x00800068        0x1 Font.o
                0x00800068                FontXScale
 .data.BkColor  0x00800069        0x2 Font.o
                0x00800069                BkColor
 .data.FgColor  0x0080006b        0x2 Font.o
                0x0080006b                FgColor
 .data._color   0x0080006d        0x2 SSD1289x16.o
                0x0080006d                _color
 *(.rodata)
 *(.rodata*)
 .rodata.str1.1
                0x0080006f      0x153 RiRead.o
                                0x176 (size before relaxing)
 .rodata.moderator
                0x008001c2        0xb RiRead.o
                0x008001c2                moderator
 .rodata.admin  0x008001cd        0xb RiRead.o
                0x008001cd                admin
 .rodata.popisKartica
                0x008001d8       0x10 RiRead.o
                0x008001d8                popisKartica
 *(.gnu.linkonce.d*)
                0x008001e8                . = ALIGN (0x2)
                0x008001e8                _edata = .
                0x008001e8                PROVIDE (__data_end, .)

.bss            0x008001e8      0x105
                0x008001e8                PROVIDE (__bss_start, .)
 *(.bss)
 .bss           0x008001e8        0x2 c:/program files/atmel/atmel toolchain/avr8 gcc/native/3.4.2.939/avr8-gnu-toolchain/bin/../lib/gcc/avr/4.7.2/../../../../avr/lib/avr5\libc.a(strtok.o)
 *(.bss*)
 .bss.cursorY   0x008001ea        0x2 Font.o
                0x008001ea                cursorY
 .bss.cursorX   0x008001ec        0x2 Font.o
                0x008001ec                cursorX
 .bss.NonTransparence
                0x008001ee        0x1 Font.o
                0x008001ee                NonTransparence
 .bss.FontFixed
                0x008001ef        0x1 Font.o
                0x008001ef                FontFixed
 .bss.rot       0x008001f0        0x1 Font.o
                0x008001f0                rot
 .bss.RESETIRAN
                0x008001f1        0x2 RiRead.o
                0x008001f1                RESETIRAN
 *(COMMON)
 COMMON         0x008001f3        0x4 Font.o
                0x008001f3                FontWidth
                0x008001f4                FontHeight
                0x008001f5                FontPointer
 COMMON         0x008001f7       0xf2 RiRead.o
                0x008001f7                brojKartice
                0x008001f9                privilegije
                0x008001fb                korisnik
                0x0080021f                str
                0x008002e7                brojChara
 COMMON         0x008002e9        0x4 c:/program files/atmel/atmel toolchain/avr8 gcc/native/3.4.2.939/avr8-gnu-toolchain/bin/../lib/gcc/avr/4.7.2/../../../../avr/lib/avr5\libc.a(malloc.o)
                0x008002e9                __brkval
                0x008002eb                __flp
                0x008002ed                PROVIDE (__bss_end, .)
                0x000045ce                __data_load_start = LOADADDR (.data)
                0x00004756                __data_load_end = (__data_load_start + SIZEOF (.data))

.noinit         0x008002ed        0x0
                0x008002ed                PROVIDE (__noinit_start, .)
 *(.noinit*)
                0x008002ed                PROVIDE (__noinit_end, .)
                0x008002ed                _end = .
                0x008002ed                PROVIDE (__heap_start, .)

.eeprom         0x00810000        0x2
 *(.eeprom*)
 .eeprom        0x00810000        0x2 RiRead.o
                0x00810000                my_eeprom_word
                0x00810002                __eeprom_end = .

.fuse
 *(.fuse)
 *(.lfuse)
 *(.hfuse)
 *(.efuse)

.lock
 *(.lock*)

.signature
 *(.signature*)

.user_signatures
 *(.user_signatures*)

.stab           0x00000000      0xcfc
 *(.stab)
 .stab          0x00000000      0x6cc c:/program files/atmel/atmel toolchain/avr8 gcc/native/3.4.2.939/avr8-gnu-toolchain/bin/../lib/gcc/avr/4.7.2/../../../../avr/lib/avr5/crtm32a.o
 .stab          0x000006cc       0x9c c:/program files/atmel/atmel toolchain/avr8 gcc/native/3.4.2.939/avr8-gnu-toolchain/bin/../lib/gcc/avr/4.7.2/../../../../avr/lib/avr5\libc.a(strcat.o)
                                 0xa8 (size before relaxing)
 .stab          0x00000768       0x84 c:/program files/atmel/atmel toolchain/avr8 gcc/native/3.4.2.939/avr8-gnu-toolchain/bin/../lib/gcc/avr/4.7.2/../../../../avr/lib/avr5\libc.a(strcmp.o)
                                 0x90 (size before relaxing)
 .stab          0x000007ec       0x6c c:/program files/atmel/atmel toolchain/avr8 gcc/native/3.4.2.939/avr8-gnu-toolchain/bin/../lib/gcc/avr/4.7.2/../../../../avr/lib/avr5\libc.a(strcpy.o)
                                 0x78 (size before relaxing)
 .stab          0x00000858      0x204 c:/program files/atmel/atmel toolchain/avr8 gcc/native/3.4.2.939/avr8-gnu-toolchain/bin/../lib/gcc/avr/4.7.2/../../../../avr/lib/avr5\libc.a(strtok_r.o)
                                0x210 (size before relaxing)
 .stab          0x00000a5c       0x6c c:/program files/atmel/atmel toolchain/avr8 gcc/native/3.4.2.939/avr8-gnu-toolchain/bin/../lib/gcc/avr/4.7.2/../../../../avr/lib/avr5\libc.a(eerd_word_atmega32a.o)
                                 0x78 (size before relaxing)
 .stab          0x00000ac8       0x54 c:/program files/atmel/atmel toolchain/avr8 gcc/native/3.4.2.939/avr8-gnu-toolchain/bin/../lib/gcc/avr/4.7.2/../../../../avr/lib/avr5\libc.a(eewr_word_atmega32a.o)
                                 0x60 (size before relaxing)
 .stab          0x00000b1c      0x108 c:/program files/atmel/atmel toolchain/avr8 gcc/native/3.4.2.939/avr8-gnu-toolchain/bin/../lib/gcc/avr/4.7.2/../../../../avr/lib/avr5\libc.a(eerd_block_atmega32a.o)
                                0x114 (size before relaxing)
 .stab          0x00000c24       0xd8 c:/program files/atmel/atmel toolchain/avr8 gcc/native/3.4.2.939/avr8-gnu-toolchain/bin/../lib/gcc/avr/4.7.2/../../../../avr/lib/avr5\libc.a(eewr_byte_atmega32a.o)
                                 0xe4 (size before relaxing)

.stabstr        0x00000000      0x43e
 *(.stabstr)
 .stabstr       0x00000000      0x43e c:/program files/atmel/atmel toolchain/avr8 gcc/native/3.4.2.939/avr8-gnu-toolchain/bin/../lib/gcc/avr/4.7.2/../../../../avr/lib/avr5/crtm32a.o

.stab.excl
 *(.stab.excl)

.stab.exclstr
 *(.stab.exclstr)

.stab.index
 *(.stab.index)

.stab.indexstr
 *(.stab.indexstr)

.comment        0x00000000       0x2f
 *(.comment)
 .comment       0x00000000       0x2f Font.o
                                 0x30 (size before relaxing)
 .comment       0x00000000       0x30 Graphic.o
 .comment       0x00000000       0x30 RiRead.o
 .comment       0x00000000       0x30 SSD1289x16.o
 .comment       0x00000000       0x30 StringProcessing.o
 .comment       0x00000000       0x30 Usart.o
 .comment       0x00000000       0x30 c:/program files/atmel/atmel toolchain/avr8 gcc/native/3.4.2.939/avr8-gnu-toolchain/bin/../lib/gcc/avr/4.7.2/../../../../avr/lib/avr5\libc.a(malloc.o)
 .comment       0x00000000       0x30 c:/program files/atmel/atmel toolchain/avr8 gcc/native/3.4.2.939/avr8-gnu-toolchain/bin/../lib/gcc/avr/4.7.2/../../../../avr/lib/avr5\libc.a(strtok.o)

.debug
 *(.debug)

.line
 *(.line)

.debug_srcinfo
 *(.debug_srcinfo)

.debug_sfnames
 *(.debug_sfnames)

.debug_aranges  0x00000000      0x238
 *(.debug_aranges)
 .debug_aranges
                0x00000000       0x48 Font.o
 .debug_aranges
                0x00000048       0x38 Graphic.o
 .debug_aranges
                0x00000080       0x90 RiRead.o
 .debug_aranges
                0x00000110       0x88 SSD1289x16.o
 .debug_aranges
                0x00000198       0x30 StringProcessing.o
 .debug_aranges
                0x000001c8       0x28 Usart.o
 .debug_aranges
                0x000001f0       0x28 c:/program files/atmel/atmel toolchain/avr8 gcc/native/3.4.2.939/avr8-gnu-toolchain/bin/../lib/gcc/avr/4.7.2/../../../../avr/lib/avr5\libc.a(malloc.o)
 .debug_aranges
                0x00000218       0x20 c:/program files/atmel/atmel toolchain/avr8 gcc/native/3.4.2.939/avr8-gnu-toolchain/bin/../lib/gcc/avr/4.7.2/../../../../avr/lib/avr5\libc.a(strtok.o)

.debug_pubnames
 *(.debug_pubnames)

.debug_info     0x00000000     0x59a7
 *(.debug_info)
 .debug_info    0x00000000      0x76c Font.o
 .debug_info    0x0000076c      0xb33 Graphic.o
 .debug_info    0x0000129f     0x3157 RiRead.o
 .debug_info    0x000043f6      0xf88 SSD1289x16.o
 .debug_info    0x0000537e      0x243 StringProcessing.o
 .debug_info    0x000055c1       0xc2 Usart.o
 .debug_info    0x00005683      0x23d c:/program files/atmel/atmel toolchain/avr8 gcc/native/3.4.2.939/avr8-gnu-toolchain/bin/../lib/gcc/avr/4.7.2/../../../../avr/lib/avr5\libc.a(malloc.o)
 .debug_info    0x000058c0       0xe7 c:/program files/atmel/atmel toolchain/avr8 gcc/native/3.4.2.939/avr8-gnu-toolchain/bin/../lib/gcc/avr/4.7.2/../../../../avr/lib/avr5\libc.a(strtok.o)
 *(.gnu.linkonce.wi.*)

.debug_abbrev   0x00000000      0xb38
 *(.debug_abbrev)
 .debug_abbrev  0x00000000      0x1a4 Font.o
 .debug_abbrev  0x000001a4       0xe2 Graphic.o
 .debug_abbrev  0x00000286      0x3b9 RiRead.o
 .debug_abbrev  0x0000063f      0x1b5 SSD1289x16.o
 .debug_abbrev  0x000007f4      0x126 StringProcessing.o
 .debug_abbrev  0x0000091a       0x7a Usart.o
 .debug_abbrev  0x00000994       0xf9 c:/program files/atmel/atmel toolchain/avr8 gcc/native/3.4.2.939/avr8-gnu-toolchain/bin/../lib/gcc/avr/4.7.2/../../../../avr/lib/avr5\libc.a(malloc.o)
 .debug_abbrev  0x00000a8d       0xab c:/program files/atmel/atmel toolchain/avr8 gcc/native/3.4.2.939/avr8-gnu-toolchain/bin/../lib/gcc/avr/4.7.2/../../../../avr/lib/avr5\libc.a(strtok.o)

.debug_line     0x00000000     0x1023
 *(.debug_line)
 .debug_line    0x00000000      0x1f7 Font.o
 .debug_line    0x000001f7      0x139 Graphic.o
 .debug_line    0x00000330      0x4eb RiRead.o
 .debug_line    0x0000081b      0x268 SSD1289x16.o
 .debug_line    0x00000a83      0x1ba StringProcessing.o
 .debug_line    0x00000c3d       0xe3 Usart.o
 .debug_line    0x00000d20      0x20e c:/program files/atmel/atmel toolchain/avr8 gcc/native/3.4.2.939/avr8-gnu-toolchain/bin/../lib/gcc/avr/4.7.2/../../../../avr/lib/avr5\libc.a(malloc.o)
 .debug_line    0x00000f2e       0xf5 c:/program files/atmel/atmel toolchain/avr8 gcc/native/3.4.2.939/avr8-gnu-toolchain/bin/../lib/gcc/avr/4.7.2/../../../../avr/lib/avr5\libc.a(strtok.o)

.debug_frame    0x00000000      0x8b8
 *(.debug_frame)
 .debug_frame   0x00000000      0x154 Font.o
 .debug_frame   0x00000154      0x1a8 Graphic.o
 .debug_frame   0x000002fc      0x268 RiRead.o
 .debug_frame   0x00000564      0x1f4 SSD1289x16.o
 .debug_frame   0x00000758       0xa0 StringProcessing.o
 .debug_frame   0x000007f8       0x34 Usart.o
 .debug_frame   0x0000082c       0x68 c:/program files/atmel/atmel toolchain/avr8 gcc/native/3.4.2.939/avr8-gnu-toolchain/bin/../lib/gcc/avr/4.7.2/../../../../avr/lib/avr5\libc.a(malloc.o)
 .debug_frame   0x00000894       0x24 c:/program files/atmel/atmel toolchain/avr8 gcc/native/3.4.2.939/avr8-gnu-toolchain/bin/../lib/gcc/avr/4.7.2/../../../../avr/lib/avr5\libc.a(strtok.o)

.debug_str      0x00000000      0x8b0
 *(.debug_str)
 .debug_str     0x00000000      0x20c Font.o
                                0x258 (size before relaxing)
 .debug_str     0x0000020c       0x48 Graphic.o
                                0x104 (size before relaxing)
 .debug_str     0x00000254      0x3c0 RiRead.o
                                0x4f2 (size before relaxing)
 .debug_str     0x00000614       0xbf SSD1289x16.o
                                0x1c8 (size before relaxing)
 .debug_str     0x000006d3       0x66 StringProcessing.o
                                0x185 (size before relaxing)
 .debug_str     0x00000739       0x17 Usart.o
                                 0xe3 (size before relaxing)
 .debug_str     0x00000750       0xed c:/program files/atmel/atmel toolchain/avr8 gcc/native/3.4.2.939/avr8-gnu-toolchain/bin/../lib/gcc/avr/4.7.2/../../../../avr/lib/avr5\libc.a(malloc.o)
                                0x17c (size before relaxing)
 .debug_str     0x0000083d       0x73 c:/program files/atmel/atmel toolchain/avr8 gcc/native/3.4.2.939/avr8-gnu-toolchain/bin/../lib/gcc/avr/4.7.2/../../../../avr/lib/avr5\libc.a(strtok.o)
                                 0x98 (size before relaxing)

.debug_loc      0x00000000     0x3aab
 *(.debug_loc)
 .debug_loc     0x00000000      0xcd5 Font.o
 .debug_loc     0x00000cd5      0xc7a Graphic.o
 .debug_loc     0x0000194f      0xb00 RiRead.o
 .debug_loc     0x0000244f      0xd6c SSD1289x16.o
 .debug_loc     0x000031bb      0x386 StringProcessing.o
 .debug_loc     0x00003541       0x26 Usart.o
 .debug_loc     0x00003567      0x4f8 c:/program files/atmel/atmel toolchain/avr8 gcc/native/3.4.2.939/avr8-gnu-toolchain/bin/../lib/gcc/avr/4.7.2/../../../../avr/lib/avr5\libc.a(malloc.o)
 .debug_loc     0x00003a5f       0x4c c:/program files/atmel/atmel toolchain/avr8 gcc/native/3.4.2.939/avr8-gnu-toolchain/bin/../lib/gcc/avr/4.7.2/../../../../avr/lib/avr5\libc.a(strtok.o)

.debug_macinfo
 *(.debug_macinfo)

.debug_pubtypes
 *(.debug_pubtypes)

.debug_ranges   0x00000000      0x298
 *(.debug_ranges)
 .debug_ranges  0x00000000       0xb8 Font.o
 .debug_ranges  0x000000b8       0x28 Graphic.o
 .debug_ranges  0x000000e0       0x80 RiRead.o
 .debug_ranges  0x00000160       0xd8 SSD1289x16.o
 .debug_ranges  0x00000238       0x20 StringProcessing.o
 .debug_ranges  0x00000258       0x18 Usart.o
 .debug_ranges  0x00000270       0x18 c:/program files/atmel/atmel toolchain/avr8 gcc/native/3.4.2.939/avr8-gnu-toolchain/bin/../lib/gcc/avr/4.7.2/../../../../avr/lib/avr5\libc.a(malloc.o)
 .debug_ranges  0x00000288       0x10 c:/program files/atmel/atmel toolchain/avr8 gcc/native/3.4.2.939/avr8-gnu-toolchain/bin/../lib/gcc/avr/4.7.2/../../../../avr/lib/avr5\libc.a(strtok.o)

.debug_macro
 *(.debug_macro)
OUTPUT(RiRead.elf elf32-avr)
LOAD linker stubs
